hello world from agent test